23:22:04 **** Incremental Build of configuration Debug for project 003Add ****
make -j8 all 
arm-none-eabi-size   003Add.elf 
   text	   data	    bss	    dec	    hex	filename
   5180	    116	   1596	   6892	   1aec	003Add.elf
Finished building: default.size.stdout
 
23:22:40 **** Incremental Build of configuration Debug for project 003Add ****
make -j8 all 
arm-none-eabi-size   003Add.elf 
   text	   data	    bss	    dec	    hex	filename
   5180	    116	   1596	   6892	   1aec	003Add.elf
Finished building: default.size.stdout
 
